[0] = package com.example.helloworld;

public interface RpcHelloWorld {
  Helloworld.HelloResp handleHello(Helloworld.HelloReq in);

  Helloworld.HelloResp handleHelloAgain(Helloworld.HelloReq in);
}

[1] = package com.example.helloworld;

import javax.ws.rs.Consumes;
import javax.ws.rs.POST;
import javax.ws.rs.Path;
import javax.ws.rs.Produces;
import javax.ws.rs.core.Response;

@Path("/twirp/com.example.helloworld.HelloWorld")
public class RpcHelloWorldResource {
  private final RpcHelloWorld service;

  public RpcHelloWorldResource(RpcHelloWorld service) {
    this.service = service;
  }

  @POST
  @Path("/Hello")
  @Produces({
      "application/x-protobuf",
      "application/json"
  })
  @Consumes({
      "application/x-protobuf",
      "application/json"
  })
  public Response handleHello(Helloworld.HelloReq request) {
    return Response.ok(service.handleHello(request)).build();
  }

  @POST
  @Path("/HelloAgain")
  @Produces({
      "application/x-protobuf",
      "application/json"
  })
  @Consumes({
      "application/x-protobuf",
      "application/json"
  })
  public Response handleHelloAgain(Helloworld.HelloReq request) {
    return Response.ok(service.handleHelloAgain(request)).build();
  }
}

